﻿
> poonam-steel@0.0.0 build
> vite build

[36mvite v8.0.3 [32mbuilding client environment for production...[36m[39m
[2K
transforming...Γ£ô 1777 modules transformed.
rendering chunks...
computing gzip size...
dist/index.html                      1.27 kB Γöé gzip:   0.66 kB
dist/assets/index-DwFo-ONM.css       7.41 kB Γöé gzip:   2.15 kB
dist/assets/index.esm-CqrPhC8Z.js    0.16 kB Γöé gzip:   0.14 kB
dist/assets/index.esm-eF7vibVO.js  262.95 kB Γöé gzip:  81.29 kB
dist/assets/index-DoWLfmLn.js      821.70 kB Γöé gzip: 253.15 kB

node.exe : [33m[33m[INEF
FECTIVE_DYNAMIC_IMPORT] 
Warning:[0m 
src/lib/db.js is 
dynamically imported by sr
c/pages/AdminDashboard.jsx
 but also statically 
imported by src/components
/ProfileSetup.jsx, src/com
ponents/admin/AdminOvervie
w.jsx, src/components/admi
n/BrandRegistryManager.jsx
, src/components/admin/For
mBuilder.jsx, src/componen
ts/admin/Reconciliation.js
x, ..., dynamic import 
will not move module into 
another chunk.
At C:\nvm4w\nodejs\npm.ps1
:29 char:3
+   & $NODE_EXE 
$NPM_CLI_JS $args
+   ~~~~~~~~~~~~~~~~~~~~~~
~~~~~~~
    + CategoryInfo        
      : NotSpecified: (  
  [33m[33m[INEF... ano   
 ther chunk.:String) [    
], RemoteException
    + FullyQualifiedError 
   Id : NativeCommandErr  
  or
 
[39m
[33m[plugin 
builtin:vite-reporter] 
(!) Some chunks are 
larger than 500 kB after 
minification. Consider:
- Using dynamic import() 
to code-split the 
application
- Use build.rolldownOption
s.output.codeSplitting to 
improve chunking: https://
rolldown.rs/reference/Outp
utOptions.codeSplitting
- Adjust chunk size limit 
for this warning via build
.chunkSizeWarningLimit.[3
9m
[32mΓ£ô built in 550ms[39m
